[    0.000000] Booting Linux on physical CPU 0x0
[    0.000000] Linux version 3.10.17-rt12-1.0.0_ga+g4176d57 (jfinley@ip-10-100-24-103) (gcc version 4.8.1 (GCC) ) #3 SMP PREEMPT Mon Sep 26 20:30:11 UTC 2016
[    0.000000] CPU: ARMv7 Processor [412fc09a] revision 10 (ARMv7), cr=10c53c7d
[    0.000000] CPU: PIPT / VIPT nonaliasing data cache, VIPT aliasing instruction cache
[    0.000000] Machine: Freescale i.MX6 Quad/DualLite (Device Tree), model: 3DRobotics i.MX6 Solo HDTC
[    0.000000] cma: CMA: reserved 320 MiB at 1c000000
[    0.000000] Memory policy: ECC disabled, Data cache writealloc
[    0.000000] On node 0 totalpages: 131072
[    0.000000] free_area_init_node: node 0, pgdat 81004bc0, node_mem_map 81069000
[    0.000000]   DMA zone: 1024 pages used for memmap
[    0.000000]   DMA zone: 0 pages reserved
[    0.000000]   DMA zone: 131072 pages, LIFO batch:31
[    0.000000] PERCPU: Embedded 8 pages/cpu @8147b000 s9024 r8192 d15552 u32768
[    0.000000] pcpu-alloc: s9024 r8192 d15552 u32768 alloc=8*4096
[    0.000000] pcpu-alloc: [0] 0 
[    0.000000] Built 1 zonelists in Zone order, mobility grouping on.  Total pages: 130048
[    0.000000] Kernel command line: console=ttymxc3,115200 nosmp root=/dev/mmcblk0p2 rootwait ro video=mxcfb0:dev=hdmi,1280x720M@60 consoleblank=0 factoryreset=0 vt.global_cursor_default=0
[    0.000000] PID hash table entries: 2048 (order: 1, 8192 bytes)
[    0.000000] Dentry cache hash table entries: 65536 (order: 6, 262144 bytes)
[    0.000000] Inode-cache hash table entries: 32768 (order: 5, 131072 bytes)
[    0.000000] Memory: 512MB = 512MB total
[    0.000000] Memory: 174496k/174496k available, 349792k reserved, 0K highmem
[    0.000000] Virtual kernel memory layout:
    vector  : 0xffff0000 - 0xffff1000   (   4 kB)
    fixmap  : 0xfff00000 - 0xfffe0000   ( 896 kB)
    vmalloc : 0xa0800000 - 0xff000000   (1512 MB)
    lowmem  : 0x80000000 - 0xa0000000   ( 512 MB)
    pkmap   : 0x7fe00000 - 0x80000000   (   2 MB)
    modules : 0x7f000000 - 0x7fe00000   (  14 MB)
      .text : 0x80008000 - 0x8065018c   (6433 kB)
      .init : 0x80651000 - 0x80fcc340   (9709 kB)
      .data : 0x80fce000 - 0x81006040   ( 225 kB)
       .bss : 0x81006040 - 0x81068320   ( 393 kB)
[    0.000000] SLUB: HWalign=64, Order=0-3, MinObjects=0, CPUs=1, Nodes=1
[    0.000000] Preemptible hierarchical RCU implementation.
[    0.000000] 	RCU restricting CPUs from NR_CPUS=4 to nr_cpu_ids=1.
[    0.000000] NR_IRQS:16 nr_irqs:16 16
[    0.000000] L310 cache controller enabled
[    0.000000] l2x0: 16 ways, CACHE_ID 0x410000c8, AUX_CTRL 0x32050000, Cache size: 524288 B
[    0.000000] sched_clock: 32 bits at 3000kHz, resolution 333ns, wraps every 1431655ms
[    0.000000] CPU identified as i.MX6DL, silicon rev 1.2
[    0.000000] Console: colour dummy device 80x30
[    0.000717] Calibrating delay loop... 1581.05 BogoMIPS (lpj=7905280)
[    0.090128] pid_max: default: 32768 minimum: 301
[    0.090296] Mount-cache hash table entries: 512
[    0.091036] CPU: Testing write buffer coherency: ok
[    0.091283] CPU0: thread -1, cpu 0, socket 0, mpidr 80000000
[    0.091316] Setting up static identity map for 0x804a7f78 - 0x804a7fd0
[    0.130319] Brought up 1 CPUs
[    0.130332] SMP: Total of 1 processors activated (1581.05 BogoMIPS).
[    0.130337] CPU: All CPU(s) started in SVC mode.
[    0.130868] devtmpfs: initialized
[    0.134892] pinctrl core: initialized pinctrl subsystem
[    0.135168] regulator-dummy: no parameters
[    0.155373] NET: Registered protocol family 16
[    0.164795] DMA: preallocated 256 KiB pool for atomic coherent allocations
[    0.165482] Use WDOG1 as reset source
[    0.173581] syscon 20c8000.anatop: regmap [mem 0x020c8000-0x020c8fff] registered
[    0.173816] vdd1p1: 800 <--> 1375 mV at 1125 mV 
[    0.174120] vdd3p0: 2800 <--> 3150 mV at 3000 mV 
[    0.174394] vdd2p5: 2000 <--> 2750 mV at 2425 mV 
[    0.174678] cpu: 725 <--> 1450 mV at 1150 mV 
[    0.174953] vddpu: 725 <--> 1450 mV 
[    0.175238] vddsoc: 725 <--> 1450 mV at 1200 mV 
[    0.176992] syscon 20e0000.iomuxc-gpr: regmap [mem 0x020e0000-0x020e0037] registered
[    0.179292] syscon 21bc000.ocotp-ctrl: regmap [mem 0x021bc000-0x021bffff] registered
[    0.182035] hw-breakpoint: found 5 (+1 reserved) breakpoint and 1 watchpoint registers.
[    0.182045] hw-breakpoint: maximum watchpoint size is 4 bytes.
[    0.183483] imx6dl-pinctrl 20e0000.iomuxc: initialized IMX pinctrl driver
[    0.187631] bio: create slab <bio-0> at 0
[    0.189548] mxs-dma 110000.dma-apbh: initialized
[    0.190189] usb_otg_vbus: 5000 mV 
[    0.190452] usb_h1_vbus: 5000 mV 
[    0.190667] 3P3V: 3300 mV 
[    0.190855] 1P8V: 1800 mV 
[    0.191126] vgaarb: loaded
[    0.191559] usbcore: registered new interface driver usbfs
[    0.191608] usbcore: registered new interface driver hub
[    0.191713] usbcore: registered new device driver usb
[    0.192926] i2c i2c-0: IMX I2C adapter registered
[    0.193458] i2c i2c-1: IMX I2C adapter registered
[    0.193542] Linux video capture interface: v2.00
[    0.193586] pps_core: LinuxPPS API ver. 1 registered
[    0.193593] pps_core: Software ver. 5.3.6 - Copyright 2005-2007 Rodolfo Giometti <giometti@linux.it>
[    0.193612] PTP clock support registered
[    0.210518] imx-ipuv3 2400000.ipu: IPU DMFC NORMAL mode: 1(0~1), 5B(4,5), 5F(6,7)
[    0.211337] Advanced Linux Sound Architecture Driver Initialized.
[    0.211877] Switching to clocksource mxc_timer1
[    0.346406] PCI host bridge to bus 0000:00
[    0.346423] pci_bus 0000:00: root bus resource [io  0x1000-0x10000]
[    0.346433] pci_bus 0000:00: root bus resource [mem 0x01000000-0x01efffff]
[    0.346445] pci_bus 0000:00: No busn resource found for root bus, will use [bus 00-ff]
[    0.346483] pci 0000:00:00.0: [16c3:abcd] type 01 class 0x060400
[    0.346509] pci 0000:00:00.0: reg 10: [mem 0x00000000-0x000fffff]
[    0.346533] pci 0000:00:00.0: reg 38: [mem 0x00000000-0x0000ffff pref]
[    0.346584] pci 0000:00:00.0: supports D1
[    0.346593] pci 0000:00:00.0: PME# supported from D0 D1 D3hot D3cold
[    0.346804] PCI: bus0: Fast back to back transfers disabled
[    0.347013] pci 0000:01:00.0: [168c:0030] type 00 class 0x028000
[    0.347104] pci 0000:01:00.0: reg 10: [mem 0x00000000-0x0001ffff 64bit]
[    0.347292] pci 0000:01:00.0: reg 30: [mem 0x00000000-0x0000ffff pref]
[    0.347423] pci 0000:01:00.0: supports D1
[    0.347432] pci 0000:01:00.0: PME# supported from D0 D1 D3hot
[    0.347659] PCI: bus1: Fast back to back transfers disabled
[    0.347675] pci_bus 0000:01: busn_res: [bus 01-ff] end is updated to 01
[    0.347691] pci_bus 0000:00: busn_res: [bus 00-ff] end is updated to 01
[    0.347749] pci 0000:00:00.0: BAR 0: assigned [mem 0x01000000-0x010fffff]
[    0.347766] pci 0000:00:00.0: BAR 8: assigned [mem 0x01100000-0x011fffff]
[    0.347777] pci 0000:00:00.0: BAR 9: assigned [mem 0x01200000-0x012fffff pref]
[    0.347788] pci 0000:00:00.0: BAR 6: assigned [mem 0x01300000-0x0130ffff pref]
[    0.347802] pci 0000:01:00.0: BAR 0: assigned [mem 0x01100000-0x0111ffff 64bit]
[    0.347848] pci 0000:01:00.0: BAR 6: assigned [mem 0x01200000-0x0120ffff pref]
[    0.347861] pci 0000:00:00.0: PCI bridge to [bus 01]
[    0.347875] pci 0000:00:00.0:   bridge window [mem 0x01100000-0x011fffff]
[    0.347886] pci 0000:00:00.0:   bridge window [mem 0x01200000-0x012fffff pref]
[    0.347914] pci_bus 0000:00: resource 4 [io  0x1000-0x10000]
[    0.347925] pci_bus 0000:00: resource 5 [mem 0x01000000-0x01efffff]
[    0.347933] pci_bus 0000:01: resource 1 [mem 0x01100000-0x011fffff]
[    0.347941] pci_bus 0000:01: resource 2 [mem 0x01200000-0x012fffff pref]
[    0.356297] NET: Registered protocol family 2
[    0.356895] TCP established hash table entries: 4096 (order: 3, 32768 bytes)
[    0.356968] TCP bind hash table entries: 4096 (order: 3, 32768 bytes)
[    0.357034] TCP: Hash tables configured (established 4096 bind 4096)
[    0.357083] TCP: reno registered
[    0.357096] UDP hash table entries: 256 (order: 1, 8192 bytes)
[    0.357121] UDP-Lite hash table entries: 256 (order: 1, 8192 bytes)
[    0.357385] NET: Registered protocol family 1
[    0.357451] PCI: CLS 64 bytes, default 64
[    0.449128] hw perfevents: enabled with ARMv7 Cortex-A9 PMU driver, 7 counters available
[    0.449948] pureg-dummy: no parameters
[    0.451333] Bus freq driver module loaded
[    0.457094] VFS: Disk quotas dquot_6.5.2
[    0.457360] Dquot-cache hash table entries: 1024 (order 0, 4096 bytes)
[    0.459078] squashfs: version 4.0 (2009/01/31) Phillip Lougher
[    0.459834] aufs 3.10-20141215
[    0.459855] msgmni has been set to 980
[    0.463467] io scheduler noop registered
[    0.463478] io scheduler deadline registered
[    0.463632] io scheduler cfq registered (default)
[    0.463921] imx-weim 21b8000.weim: WEIM driver registered.
[    0.467393] imx-sdma 20ec000.sdma: no iram assigned, using external mem
[    0.470288] imx-sdma 20ec000.sdma: initialized
[    0.470734] imx-sdma 20ec000.sdma: loaded firmware 1.1
[    0.521241] Serial: IMX driver
[    0.521983] 21e8000.serial: ttymxc1 at MMIO 0x21e8000 (irq = 59) is a IMX
[    0.522375] 21ec000.serial: ttymxc2 at MMIO 0x21ec000 (irq = 60) is a IMX
[    0.522748] 21f0000.serial: ttymxc3 at MMIO 0x21f0000 (irq = 61) is a IMX
[    1.062701] console [ttymxc3] enabled
[    1.065446] 21f4000.serial: ttymxc4 at MMIO 0x21f4000 (irq = 62) is a IMX
[    1.071206] serial: Freescale lpuart driver
[    1.074813] [drm] Initialized drm 1.1.0 20060810
[    1.084796] brd: module loaded
[    1.090129] loop: module loaded
[    1.094142] ehci_hcd: USB 2.0 'Enhanced' Host Controller (EHCI) Driver
[    1.099380] ehci-pci: EHCI PCI platform driver
[    1.111002] ci_hdrc ci_hdrc.1: doesn't support gadget
[    1.114804] ci_hdrc ci_hdrc.1: EHCI Host Controller
[    1.118413] ci_hdrc ci_hdrc.1: new USB bus registered, assigned bus number 1
[    1.141961] ci_hdrc ci_hdrc.1: USB 2.0 started, EHCI 1.00
[    1.146676] hub 1-0:1.0: USB hub found
[    1.149157] hub 1-0:1.0: 1 port detected
[    1.153037] snvs_rtc 20cc034.snvs-rtc-lp: rtc core: registered 20cc034.snvs-rtc-lp as rtc0
[    1.160111] i2c /dev entries driver
[    1.163689] imx2-wdt 20bc000.wdog: IMX2+ Watchdog Timer enabled. timeout=60s (nowayout=0)
[    1.170942] cpuidle: using governor ladder
[    1.173802] cpuidle: using governor menu
[    1.176475] sdhci: Secure Digital Host Controller Interface driver
[    1.181361] sdhci: Copyright(c) Pierre Ossman
[    1.184444] sdhci-pltfm: SDHCI platform and OF driver helper
[    1.189946] mmc0: no vqmmc regulator found
[    1.192783] mmc0: no vmmc regulator found
[    1.231961] mmc0: SDHCI controller on 2198000.usdhc [2198000.usdhc] using ADMA
[    1.240447] mxc_vdoa 21e4000.vdoa: i.MX Video Data Order Adapter(VDOA) driver probed
[    1.255096] mxc_asrc 2034000.asrc: mxc_asrc registered
[    1.261694] mxc_vpu 2040000.vpu: VPU initialized
[    1.269512] leds-gpio leds.16: pins are not configured from the driver
[    1.276981] ledtrig-cpu: registered to indicate activity on CPUs
[    1.281907] usbcore: registered new interface driver usbhid
[    1.289278] usbhid: USB HID core driver
[    1.296852] TCP: cubic registered
[    1.299323] NET: Registered protocol family 10
[    1.303357] sit: IPv6 over IPv4 tunneling driver
[    1.307268] NET: Registered protocol family 17
[    1.310436] 8021q: 802.1Q VLAN Support v1.8
[    1.313433] Key type dns_resolver registered
[    1.316509] VFP support v0.3: implementor 41 architecture 3 part 30 variant 9 rev 4
[    1.325640] input: gpio-keys.22 as /devices/soc0/gpio-keys.22/input/input0
[    1.331486] snvs_rtc 20cc034.snvs-rtc-lp: setting system clock to 1970-01-01 00:00:00 UTC (0)
[    1.346586] ALSA device list:
[    1.351368]   No soundcards found.
[    1.354581] mmc0: new high speed SDHC card at address e624
[    1.366106] Freeing unused kernel memory: 9708K (80651000 - 80fcc000)
[    1.371501] mmcblk0: mmc0:e624 SL08G 7.40 GiB 
[    1.375916]  mmcblk0: p1 p2 p3 p4
[    2.028684] kjournald starting.  Commit interval 5 seconds
[    2.034060] EXT3-fs (mmcblk0p4): using internal journal
[    2.037989] EXT3-fs (mmcblk0p4): mounted filesystem with ordered data mode
[    2.768981] kjournald starting.  Commit interval 5 seconds
[    2.777036] EXT3-fs (mmcblk0p3): using internal journal
[    2.780964] EXT3-fs (mmcblk0p3): mounted filesystem with ordered data mode
[    3.578206] udevd[142]: starting version 182
[    4.008897] g_acm_ms gadget: Mass Storage Function, version: 2009/09/11
[    4.057463] g_acm_ms gadget: Number of LUNs=1
[    4.066862] Loading modules backported from Linux version next-20150903-0-ga672f92
[    4.085737]  lun0: LUN: file: /dev/mmcblk0p4
[    4.136114] Backport generated by backports.git backports-20150903-0-g7b34ea2
[    4.190626] g_acm_ms gadget: Composite Gadget (ACM + MS), version: 2011/10/10
[    4.263953] g_acm_ms gadget: g_acm_ms ready
[    4.743914] cfg80211: World regulatory domain updated:
[    4.747760] cfg80211:  DFS Master region: unset
[    4.750816] cfg80211:   (start_freq - end_freq @ bandwidth), (max_antenna_gain, max_eirp), (dfs_cac_time)
[    5.242932] cfg80211:   (2402000 KHz - 2472000 KHz @ 40000 KHz), (N/A, 2000 mBm), (N/A)
[    5.353724] cfg80211:   (2457000 KHz - 2482000 KHz @ 40000 KHz), (N/A, 2000 mBm), (N/A)
[    5.368073] cfg80211:   (2474000 KHz - 2494000 KHz @ 20000 KHz), (N/A, 2000 mBm), (N/A)
[    5.414092] cfg80211:   (5170000 KHz - 5250000 KHz @ 160000 KHz), (N/A, 2000 mBm), (N/A)
[    5.420895] cfg80211:   (5250000 KHz - 5330000 KHz @ 160000 KHz), (N/A, 2000 mBm), (0 s)
[    5.460809] cfg80211:   (5490000 KHz - 5730000 KHz @ 160000 KHz), (N/A, 2000 mBm), (0 s)
[    5.477009] cfg80211:   (5735000 KHz - 5835000 KHz @ 80000 KHz), (N/A, 2000 mBm), (N/A)
[    5.492460] cfg80211:   (57240000 KHz - 63720000 KHz @ 2160000 KHz), (N/A, 0 mBm), (N/A)
[    5.834425] PCI: enabling device 0000:01:00.0 (0140 -> 0142)
[    6.003963] EXT4-fs (mmcblk0p4): mounted filesystem with ordered data mode. Opts: (null)
[    6.177380] ath: EEPROM regdomain: 0x0
[    6.177388] ath: EEPROM indicates default country code should be used
[    6.177392] ath: doing EEPROM country->regdmn map search
[    6.177400] ath: country maps to regdmn code: 0x3a
[    6.177404] ath: Country alpha2 being used: US
[    6.177408] ath: Regpair used: 0x3a
[    6.196764] ieee80211 phy0: Selected rate control algorithm 'minstrel_ht'
[    6.198807] cfg80211: Regulatory domain changed to country: US
[    6.207338] ieee80211 phy0: Atheros AR9300 Rev:3 mem=0xa0c00000, irq=155
[    6.212869] cfg80211:  DFS Master region: FCC
[    6.215753] cfg80211:   (start_freq - end_freq @ bandwidth), (max_antenna_gain, max_eirp), (dfs_cac_time)
[    6.263884] cfg80211:   (2402000 KHz - 2472000 KHz @ 40000 KHz), (N/A, 3000 mBm), (N/A)
[    6.270598] cfg80211:   (5170000 KHz - 5250000 KHz @ 80000 KHz), (N/A, 1700 mBm), (N/A)
[    6.304743] cfg80211:   (5250000 KHz - 5330000 KHz @ 80000 KHz), (N/A, 2300 mBm), (0 s)
[    6.311454] cfg80211:   (5735000 KHz - 5835000 KHz @ 80000 KHz), (N/A, 3000 mBm), (N/A)
[    6.351820] cfg80211:   (57240000 KHz - 63720000 KHz @ 2160000 KHz), (N/A, 4000 mBm), (N/A)
