May 14 02:50:09 3dr_solo user.notice kernel: klogd started: BusyBox v1.21.1 (2016-09-22 15:26:45 UTC)
May 14 02:50:09 3dr_solo user.info kernel: Booting Linux on physical CPU 0x0
May 14 02:50:09 3dr_solo user.notice kernel: Linux version 3.10.17-rt12-1.0.0_ga+g4176d57 (jfinley@ip-10-100-24-103) (gcc version 4.8.1 (GCC) ) #3 SMP PREEMPT Mon Sep 26 20:30:11 UTC 2016
May 14 02:50:09 3dr_solo user.warn kernel: CPU: ARMv7 Processor [412fc09a] revision 10 (ARMv7), cr=10c53c7d
May 14 02:50:09 3dr_solo user.warn kernel: CPU: PIPT / VIPT nonaliasing data cache, VIPT aliasing instruction cache
May 14 02:50:09 3dr_solo user.info kernel: Machine: Freescale i.MX6 Quad/DualLite (Device Tree), model: 3DRobotics i.MX6 Solo HDTC
May 14 02:50:09 3dr_solo user.info kernel: cma: CMA: reserved 320 MiB at 1c000000
May 14 02:50:09 3dr_solo user.warn kernel: Memory policy: ECC disabled, Data cache writealloc
May 14 02:50:09 3dr_solo user.debug kernel: On node 0 totalpages: 131072
May 14 02:50:09 3dr_solo user.debug kernel: free_area_init_node: node 0, pgdat 81004bc0, node_mem_map 81069000
May 14 02:50:09 3dr_solo user.debug kernel:   DMA zone: 1024 pages used for memmap
May 14 02:50:09 3dr_solo user.debug kernel:   DMA zone: 0 pages reserved
May 14 02:50:09 3dr_solo user.debug kernel:   DMA zone: 131072 pages, LIFO batch:31
May 14 02:50:09 3dr_solo user.info kernel: PERCPU: Embedded 8 pages/cpu @8147b000 s9024 r8192 d15552 u32768
May 14 02:50:09 3dr_solo user.debug kernel: pcpu-alloc: s9024 r8192 d15552 u32768 alloc=8*4096
May 14 02:50:09 3dr_solo user.debug kernel: pcpu-alloc: [0] 0 
May 14 02:50:09 3dr_solo user.warn kernel: Built 1 zonelists in Zone order, mobility grouping on.  Total pages: 130048
May 14 02:50:09 3dr_solo user.notice kernel: Kernel command line: console=ttymxc3,115200 nosmp root=/dev/mmcblk0p2 rootwait ro video=mxcfb0:dev=hdmi,1280x720M@60 consoleblank=0 factoryreset=0 vt.global_cursor_default=0
May 14 02:50:09 3dr_solo user.info kernel: PID hash table entries: 2048 (order: 1, 8192 bytes)
May 14 02:50:09 3dr_solo user.info kernel: Dentry cache hash table entries: 65536 (order: 6, 262144 bytes)
May 14 02:50:09 3dr_solo user.info kernel: Inode-cache hash table entries: 32768 (order: 5, 131072 bytes)
May 14 02:50:09 3dr_solo user.info kernel: Memory: 512MB = 512MB total
May 14 02:50:09 3dr_solo user.notice kernel: Memory: 174496k/174496k available, 349792k reserved, 0K highmem
May 14 02:50:09 3dr_solo user.notice kernel: Virtual kernel memory layout:
May 14 02:50:09 3dr_solo user.notice kernel:     vector  : 0xffff0000 - 0xffff1000   (   4 kB)
May 14 02:50:09 3dr_solo user.notice kernel:     fixmap  : 0xfff00000 - 0xfffe0000   ( 896 kB)
May 14 02:50:09 3dr_solo user.notice kernel:     vmalloc : 0xa0800000 - 0xff000000   (1512 MB)
May 14 02:50:09 3dr_solo user.notice kernel:     lowmem  : 0x80000000 - 0xa0000000   ( 512 MB)
May 14 02:50:09 3dr_solo user.notice kernel:     pkmap   : 0x7fe00000 - 0x80000000   (   2 MB)
May 14 02:50:09 3dr_solo user.notice kernel:     modules : 0x7f000000 - 0x7fe00000   (  14 MB)
May 14 02:50:09 3dr_solo user.notice kernel:       .text : 0x80008000 - 0x8065018c   (6433 kB)
May 14 02:50:09 3dr_solo user.notice kernel:       .init : 0x80651000 - 0x80fcc340   (9709 kB)
May 14 02:50:09 3dr_solo user.notice kernel:       .data : 0x80fce000 - 0x81006040   ( 225 kB)
May 14 02:50:09 3dr_solo user.notice kernel:        .bss : 0x81006040 - 0x81068320   ( 393 kB)
May 14 02:50:09 3dr_solo user.info kernel: SLUB: HWalign=64, Order=0-3, MinObjects=0, CPUs=1, Nodes=1
May 14 02:50:09 3dr_solo user.info kernel: Preemptible hierarchical RCU implementation.
May 14 02:50:09 3dr_solo user.info kernel: 	RCU restricting CPUs from NR_CPUS=4 to nr_cpu_ids=1.
May 14 02:50:09 3dr_solo user.info kernel: NR_IRQS:16 nr_irqs:16 16
May 14 02:50:09 3dr_solo user.info kernel: L310 cache controller enabled
May 14 02:50:09 3dr_solo user.info kernel: l2x0: 16 ways, CACHE_ID 0x410000c8, AUX_CTRL 0x32050000, Cache size: 524288 B
May 14 02:50:09 3dr_solo user.info kernel: sched_clock: 32 bits at 3000kHz, resolution 333ns, wraps every 1431655ms
May 14 02:50:09 3dr_solo user.info kernel: CPU identified as i.MX6DL, silicon rev 1.2
May 14 02:50:09 3dr_solo user.info kernel: Console: colour dummy device 80x30
May 14 02:50:09 3dr_solo user.info kernel: Calibrating delay loop... 1581.05 BogoMIPS (lpj=7905280)
May 14 02:50:09 3dr_solo user.info kernel: pid_max: default: 32768 minimum: 301
May 14 02:50:09 3dr_solo user.info kernel: Mount-cache hash table entries: 512
May 14 02:50:09 3dr_solo user.info kernel: CPU: Testing write buffer coherency: ok
May 14 02:50:09 3dr_solo user.info kernel: CPU0: thread -1, cpu 0, socket 0, mpidr 80000000
May 14 02:50:09 3dr_solo user.info kernel: Setting up static identity map for 0x804a7f78 - 0x804a7fd0
May 14 02:50:09 3dr_solo user.info kernel: Brought up 1 CPUs
May 14 02:50:09 3dr_solo user.info kernel: SMP: Total of 1 processors activated (1581.05 BogoMIPS).
May 14 02:50:09 3dr_solo user.info kernel: CPU: All CPU(s) started in SVC mode.
May 14 02:50:09 3dr_solo user.info kernel: devtmpfs: initialized
May 14 02:50:09 3dr_solo user.info kernel: pinctrl core: initialized pinctrl subsystem
May 14 02:50:09 3dr_solo user.info kernel: regulator-dummy: no parameters
May 14 02:50:09 3dr_solo user.info kernel: NET: Registered protocol family 16
May 14 02:50:09 3dr_solo user.info kernel: DMA: preallocated 256 KiB pool for atomic coherent allocations
May 14 02:50:09 3dr_solo user.info kernel: Use WDOG1 as reset source
May 14 02:50:09 3dr_solo user.info kernel: syscon 20c8000.anatop: regmap [mem 0x020c8000-0x020c8fff] registered
May 14 02:50:09 3dr_solo user.info kernel: vdd1p1: 800 <--> 1375 mV at 1125 mV 
May 14 02:50:09 3dr_solo user.info kernel: vdd3p0: 2800 <--> 3150 mV at 3000 mV 
May 14 02:50:09 3dr_solo user.info kernel: vdd2p5: 2000 <--> 2750 mV at 2425 mV 
May 14 02:50:09 3dr_solo user.info kernel: cpu: 725 <--> 1450 mV at 1150 mV 
May 14 02:50:09 3dr_solo user.info kernel: vddpu: 725 <--> 1450 mV 
May 14 02:50:09 3dr_solo user.info kernel: vddsoc: 725 <--> 1450 mV at 1200 mV 
May 14 02:50:09 3dr_solo user.info kernel: syscon 20e0000.iomuxc-gpr: regmap [mem 0x020e0000-0x020e0037] registered
May 14 02:50:09 3dr_solo user.info kernel: syscon 21bc000.ocotp-ctrl: regmap [mem 0x021bc000-0x021bffff] registered
May 14 02:50:09 3dr_solo user.info kernel: hw-breakpoint: found 5 (+1 reserved) breakpoint and 1 watchpoint registers.
May 14 02:50:09 3dr_solo user.info kernel: hw-breakpoint: maximum watchpoint size is 4 bytes.
May 14 02:50:09 3dr_solo user.info kernel: imx6dl-pinctrl 20e0000.iomuxc: initialized IMX pinctrl driver
May 14 02:50:09 3dr_solo user.info kernel: bio: create slab <bio-0> at 0
May 14 02:50:09 3dr_solo user.info kernel: mxs-dma 110000.dma-apbh: initialized
May 14 02:50:09 3dr_solo user.info kernel: usb_otg_vbus: 5000 mV 
May 14 02:50:09 3dr_solo user.info kernel: usb_h1_vbus: 5000 mV 
May 14 02:50:09 3dr_solo user.info kernel: 3P3V: 3300 mV 
May 14 02:50:09 3dr_solo user.info kernel: 1P8V: 1800 mV 
May 14 02:50:09 3dr_solo user.info kernel: vgaarb: loaded
May 14 02:50:09 3dr_solo user.info kernel: usbcore: registered new interface driver usbfs
May 14 02:50:09 3dr_solo user.info kernel: usbcore: registered new interface driver hub
May 14 02:50:09 3dr_solo user.info kernel: usbcore: registered new device driver usb
May 14 02:50:09 3dr_solo user.info kernel: i2c i2c-0: IMX I2C adapter registered
May 14 02:50:09 3dr_solo user.info kernel: i2c i2c-1: IMX I2C adapter registered
May 14 02:50:09 3dr_solo user.info kernel: Linux video capture interface: v2.00
May 14 02:50:09 3dr_solo user.info kernel: pps_core: LinuxPPS API ver. 1 registered
May 14 02:50:09 3dr_solo user.info kernel: pps_core: Software ver. 5.3.6 - Copyright 2005-2007 Rodolfo Giometti <giometti@linux.it>
May 14 02:50:09 3dr_solo user.info kernel: PTP clock support registered
May 14 02:50:09 3dr_solo user.info kernel: imx-ipuv3 2400000.ipu: IPU DMFC NORMAL mode: 1(0~1), 5B(4,5), 5F(6,7)
May 14 02:50:09 3dr_solo user.info kernel: Advanced Linux Sound Architecture Driver Initialized.
May 14 02:50:09 3dr_solo user.info kernel: Switching to clocksource mxc_timer1
May 14 02:50:09 3dr_solo user.info kernel: PCI host bridge to bus 0000:00
May 14 02:50:09 3dr_solo user.info kernel: pci_bus 0000:00: root bus resource [io  0x1000-0x10000]
May 14 02:50:09 3dr_solo user.info kernel: pci_bus 0000:00: root bus resource [mem 0x01000000-0x01efffff]
May 14 02:50:09 3dr_solo user.info kernel: pci_bus 0000:00: No busn resource found for root bus, will use [bus 00-ff]
May 14 02:50:09 3dr_solo user.debug kernel: pci 0000:00:00.0: [16c3:abcd] type 01 class 0x060400
May 14 02:50:09 3dr_solo user.debug kernel: pci 0000:00:00.0: reg 10: [mem 0x00000000-0x000fffff]
May 14 02:50:09 3dr_solo user.debug kernel: pci 0000:00:00.0: reg 38: [mem 0x00000000-0x0000ffff pref]
May 14 02:50:09 3dr_solo user.debug kernel: pci 0000:00:00.0: supports D1
May 14 02:50:09 3dr_solo user.debug kernel: pci 0000:00:00.0: PME# supported from D0 D1 D3hot D3cold
May 14 02:50:09 3dr_solo user.info kernel: PCI: bus0: Fast back to back transfers disabled
May 14 02:50:09 3dr_solo user.debug kernel: pci 0000:01:00.0: [168c:0030] type 00 class 0x028000
May 14 02:50:09 3dr_solo user.debug kernel: pci 0000:01:00.0: reg 10: [mem 0x00000000-0x0001ffff 64bit]
May 14 02:50:09 3dr_solo user.debug kernel: pci 0000:01:00.0: reg 30: [mem 0x00000000-0x0000ffff pref]
May 14 02:50:09 3dr_solo user.debug kernel: pci 0000:01:00.0: supports D1
May 14 02:50:09 3dr_solo user.debug kernel: pci 0000:01:00.0: PME# supported from D0 D1 D3hot
May 14 02:50:09 3dr_solo user.info kernel: PCI: bus1: Fast back to back transfers disabled
May 14 02:50:09 3dr_solo user.debug kernel: pci_bus 0000:01: busn_res: [bus 01-ff] end is updated to 01
May 14 02:50:09 3dr_solo user.debug kernel: pci_bus 0000:00: busn_res: [bus 00-ff] end is updated to 01
May 14 02:50:09 3dr_solo user.info kernel: pci 0000:00:00.0: BAR 0: assigned [mem 0x01000000-0x010fffff]
May 14 02:50:09 3dr_solo user.info kernel: pci 0000:00:00.0: BAR 8: assigned [mem 0x01100000-0x011fffff]
May 14 02:50:09 3dr_solo user.info kernel: pci 0000:00:00.0: BAR 9: assigned [mem 0x01200000-0x012fffff pref]
May 14 02:50:09 3dr_solo user.info kernel: pci 0000:00:00.0: BAR 6: assigned [mem 0x01300000-0x0130ffff pref]
May 14 02:50:09 3dr_solo user.info kernel: pci 0000:01:00.0: BAR 0: assigned [mem 0x01100000-0x0111ffff 64bit]
May 14 02:50:09 3dr_solo user.info kernel: pci 0000:01:00.0: BAR 6: assigned [mem 0x01200000-0x0120ffff pref]
May 14 02:50:09 3dr_solo user.info kernel: pci 0000:00:00.0: PCI bridge to [bus 01]
May 14 02:50:09 3dr_solo user.info kernel: pci 0000:00:00.0:   bridge window [mem 0x01100000-0x011fffff]
May 14 02:50:09 3dr_solo user.info kernel: pci 0000:00:00.0:   bridge window [mem 0x01200000-0x012fffff pref]
May 14 02:50:09 3dr_solo user.debug kernel: pci_bus 0000:00: resource 4 [io  0x1000-0x10000]
May 14 02:50:09 3dr_solo user.debug kernel: pci_bus 0000:00: resource 5 [mem 0x01000000-0x01efffff]
May 14 02:50:09 3dr_solo user.debug kernel: pci_bus 0000:01: resource 1 [mem 0x01100000-0x011fffff]
May 14 02:50:09 3dr_solo user.debug kernel: pci_bus 0000:01: resource 2 [mem 0x01200000-0x012fffff pref]
May 14 02:50:09 3dr_solo user.info kernel: NET: Registered protocol family 2
May 14 02:50:09 3dr_solo user.info kernel: TCP established hash table entries: 4096 (order: 3, 32768 bytes)
May 14 02:50:09 3dr_solo user.info kernel: TCP bind hash table entries: 4096 (order: 3, 32768 bytes)
May 14 02:50:09 3dr_solo user.info kernel: TCP: Hash tables configured (established 4096 bind 4096)
May 14 02:50:09 3dr_solo user.info kernel: TCP: reno registered
May 14 02:50:09 3dr_solo user.info kernel: UDP hash table entries: 256 (order: 1, 8192 bytes)
May 14 02:50:09 3dr_solo user.info kernel: UDP-Lite hash table entries: 256 (order: 1, 8192 bytes)
May 14 02:50:09 3dr_solo user.info kernel: NET: Registered protocol family 1
May 14 02:50:09 3dr_solo user.debug kernel: PCI: CLS 64 bytes, default 64
May 14 02:50:09 3dr_solo user.info kernel: hw perfevents: enabled with ARMv7 Cortex-A9 PMU driver, 7 counters available
May 14 02:50:09 3dr_solo user.info kernel: pureg-dummy: no parameters
May 14 02:50:09 3dr_solo user.info kernel: Bus freq driver module loaded
May 14 02:50:09 3dr_solo user.notice kernel: VFS: Disk quotas dquot_6.5.2
May 14 02:50:09 3dr_solo user.warn kernel: Dquot-cache hash table entries: 1024 (order 0, 4096 bytes)
May 14 02:50:09 3dr_solo user.info kernel: squashfs: version 4.0 (2009/01/31) Phillip Lougher
May 14 02:50:09 3dr_solo user.info kernel: aufs 3.10-20141215
May 14 02:50:09 3dr_solo user.info kernel: msgmni has been set to 980
May 14 02:50:09 3dr_solo user.info kernel: io scheduler noop registered
May 14 02:50:09 3dr_solo user.info kernel: io scheduler deadline registered
May 14 02:50:09 3dr_solo user.info kernel: io scheduler cfq registered (default)
May 14 02:50:09 3dr_solo user.info kernel: imx-weim 21b8000.weim: WEIM driver registered.
May 14 02:50:09 3dr_solo user.warn kernel: imx-sdma 20ec000.sdma: no iram assigned, using external mem
May 14 02:50:09 3dr_solo user.info kernel: imx-sdma 20ec000.sdma: initialized
May 14 02:50:09 3dr_solo user.info kernel: imx-sdma 20ec000.sdma: loaded firmware 1.1
May 14 02:50:09 3dr_solo user.info kernel: Serial: IMX driver
May 14 02:50:09 3dr_solo user.info kernel: 21e8000.serial: ttymxc1 at MMIO 0x21e8000 (irq = 59) is a IMX
May 14 02:50:09 3dr_solo user.info kernel: 21ec000.serial: ttymxc2 at MMIO 0x21ec000 (irq = 60) is a IMX
May 14 02:50:09 3dr_solo user.info kernel: 21f0000.serial: ttymxc3 at MMIO 0x21f0000 (irq = 61) is a IMX
May 14 02:50:09 3dr_solo user.info kernel: console [ttymxc3] enabled
May 14 02:50:09 3dr_solo user.info kernel: 21f4000.serial: ttymxc4 at MMIO 0x21f4000 (irq = 62) is a IMX
May 14 02:50:09 3dr_solo user.info kernel: serial: Freescale lpuart driver
May 14 02:50:09 3dr_solo user.info kernel: [drm] Initialized drm 1.1.0 20060810
May 14 02:50:09 3dr_solo user.info kernel: brd: module loaded
May 14 02:50:09 3dr_solo user.info kernel: loop: module loaded
May 14 02:50:09 3dr_solo user.info kernel: ehci_hcd: USB 2.0 'Enhanced' Host Controller (EHCI) Driver
May 14 02:50:09 3dr_solo user.info kernel: ehci-pci: EHCI PCI platform driver
May 14 02:50:09 3dr_solo user.info kernel: ci_hdrc ci_hdrc.1: doesn't support gadget
May 14 02:50:09 3dr_solo user.info kernel: ci_hdrc ci_hdrc.1: EHCI Host Controller
May 14 02:50:09 3dr_solo user.info kernel: ci_hdrc ci_hdrc.1: new USB bus registered, assigned bus number 1
May 14 02:50:09 3dr_solo user.info kernel: ci_hdrc ci_hdrc.1: USB 2.0 started, EHCI 1.00
May 14 02:50:09 3dr_solo user.info kernel: hub 1-0:1.0: USB hub found
May 14 02:50:09 3dr_solo user.info kernel: hub 1-0:1.0: 1 port detected
May 14 02:50:09 3dr_solo user.info kernel: snvs_rtc 20cc034.snvs-rtc-lp: rtc core: registered 20cc034.snvs-rtc-lp as rtc0
May 14 02:50:09 3dr_solo user.info kernel: i2c /dev entries driver
May 14 02:50:09 3dr_solo user.info kernel: imx2-wdt 20bc000.wdog: IMX2+ Watchdog Timer enabled. timeout=60s (nowayout=0)
May 14 02:50:09 3dr_solo user.info kernel: cpuidle: using governor ladder
May 14 02:50:09 3dr_solo user.info kernel: cpuidle: using governor menu
May 14 02:50:09 3dr_solo user.info kernel: sdhci: Secure Digital Host Controller Interface driver
May 14 02:50:09 3dr_solo user.info kernel: sdhci: Copyright(c) Pierre Ossman
May 14 02:50:09 3dr_solo user.info kernel: sdhci-pltfm: SDHCI platform and OF driver helper
May 14 02:50:09 3dr_solo user.info kernel: mmc0: no vqmmc regulator found
May 14 02:50:09 3dr_solo user.info kernel: mmc0: no vmmc regulator found
May 14 02:50:09 3dr_solo user.info kernel: mmc0: SDHCI controller on 2198000.usdhc [2198000.usdhc] using ADMA
May 14 02:50:09 3dr_solo user.info kernel: mxc_vdoa 21e4000.vdoa: i.MX Video Data Order Adapter(VDOA) driver probed
May 14 02:50:09 3dr_solo user.info kernel: mxc_asrc 2034000.asrc: mxc_asrc registered
May 14 02:50:09 3dr_solo user.info kernel: mxc_vpu 2040000.vpu: VPU initialized
May 14 02:50:09 3dr_solo user.warn kernel: leds-gpio leds.16: pins are not configured from the driver
May 14 02:50:09 3dr_solo user.info kernel: ledtrig-cpu: registered to indicate activity on CPUs
May 14 02:50:09 3dr_solo user.info kernel: usbcore: registered new interface driver usbhid
May 14 02:50:09 3dr_solo user.info kernel: usbhid: USB HID core driver
May 14 02:50:09 3dr_solo user.info kernel: TCP: cubic registered
May 14 02:50:09 3dr_solo user.info kernel: NET: Registered protocol family 10
May 14 02:50:09 3dr_solo user.info kernel: sit: IPv6 over IPv4 tunneling driver
May 14 02:50:09 3dr_solo user.info kernel: NET: Registered protocol family 17
May 14 02:50:09 3dr_solo user.info kernel: 8021q: 802.1Q VLAN Support v1.8
May 14 02:50:09 3dr_solo user.notice kernel: Key type dns_resolver registered
May 14 02:50:09 3dr_solo user.info kernel: VFP support v0.3: implementor 41 architecture 3 part 30 variant 9 rev 4
May 14 02:50:09 3dr_solo user.info kernel: input: gpio-keys.22 as /devices/soc0/gpio-keys.22/input/input0
May 14 02:50:09 3dr_solo user.info kernel: snvs_rtc 20cc034.snvs-rtc-lp: setting system clock to 2015-05-14 02:50:01 UTC (1431571801)
May 14 02:50:09 3dr_solo user.info kernel: ALSA device list:
May 14 02:50:09 3dr_solo user.info kernel:   No soundcards found.
May 14 02:50:09 3dr_solo user.info kernel: mmc0: new high speed SDHC card at address e624
May 14 02:50:09 3dr_solo user.info kernel: Freeing unused kernel memory: 9708K (80651000 - 80fcc000)
May 14 02:50:09 3dr_solo user.info kernel: mmcblk0: mmc0:e624 SL08G 7.40 GiB 
May 14 02:50:09 3dr_solo user.info kernel:  mmcblk0: p1 p2 p3 p4
May 14 02:50:09 3dr_solo user.info kernel: kjournald starting.  Commit interval 5 seconds
May 14 02:50:09 3dr_solo user.info kernel: EXT3-fs (mmcblk0p4): using internal journal
May 14 02:50:09 3dr_solo user.info kernel: EXT3-fs (mmcblk0p4): mounted filesystem with ordered data mode
May 14 02:50:09 3dr_solo user.info kernel: kjournald starting.  Commit interval 5 seconds
May 14 02:50:09 3dr_solo user.info kernel: EXT3-fs (mmcblk0p3): using internal journal
May 14 02:50:09 3dr_solo user.info kernel: EXT3-fs (mmcblk0p3): mounted filesystem with ordered data mode
May 14 02:50:09 3dr_solo user.info kernel: Loading modules backported from Linux version next-20150903-0-ga672f92
May 14 02:50:09 3dr_solo user.info kernel: Backport generated by backports.git backports-20150903-0-g7b34ea2
May 14 02:50:09 3dr_solo user.info kernel: cfg80211: World regulatory domain updated:
May 14 02:50:09 3dr_solo user.info kernel: cfg80211:  DFS Master region: unset
May 14 02:50:09 3dr_solo user.info kernel: cfg80211:   (start_freq - end_freq @ bandwidth), (max_antenna_gain, max_eirp), (dfs_cac_time)
May 14 02:50:09 3dr_solo user.info kernel: cfg80211:   (2402000 KHz - 2472000 KHz @ 40000 KHz), (N/A, 2000 mBm), (N/A)
May 14 02:50:09 3dr_solo user.info kernel: cfg80211:   (2457000 KHz - 2482000 KHz @ 40000 KHz), (N/A, 2000 mBm), (N/A)
May 14 02:50:09 3dr_solo user.info kernel: cfg80211:   (2474000 KHz - 2494000 KHz @ 20000 KHz), (N/A, 2000 mBm), (N/A)
May 14 02:50:09 3dr_solo user.info kernel: cfg80211:   (5170000 KHz - 5250000 KHz @ 160000 KHz), (N/A, 2000 mBm), (N/A)
May 14 02:50:09 3dr_solo user.info kernel: cfg80211:   (5250000 KHz - 5330000 KHz @ 160000 KHz), (N/A, 2000 mBm), (0 s)
May 14 02:50:09 3dr_solo user.info kernel: cfg80211:   (5490000 KHz - 5730000 KHz @ 160000 KHz), (N/A, 2000 mBm), (0 s)
May 14 02:50:09 3dr_solo user.info kernel: cfg80211:   (5735000 KHz - 5835000 KHz @ 80000 KHz), (N/A, 2000 mBm), (N/A)
May 14 02:50:09 3dr_solo user.info kernel: cfg80211:   (57240000 KHz - 63720000 KHz @ 2160000 KHz), (N/A, 0 mBm), (N/A)
May 14 02:50:09 3dr_solo user.warn kernel: PCI: enabling device 0000:01:00.0 (0140 -> 0142)
May 14 02:50:09 3dr_solo user.debug kernel: ath: EEPROM regdomain: 0x0
May 14 02:50:09 3dr_solo user.debug kernel: ath: EEPROM indicates default country code should be used
May 14 02:50:09 3dr_solo user.debug kernel: ath: doing EEPROM country->regdmn map search
May 14 02:50:09 3dr_solo user.debug kernel: ath: country maps to regdmn code: 0x3a
May 14 02:50:09 3dr_solo user.debug kernel: ath: Country alpha2 being used: US
May 14 02:50:09 3dr_solo user.debug kernel: ath: Regpair used: 0x3a
May 14 02:50:09 3dr_solo user.debug kernel: ieee80211 phy0: Selected rate control algorithm 'minstrel_ht'
May 14 02:50:09 3dr_solo user.info kernel: cfg80211: Regulatory domain changed to country: US
May 14 02:50:09 3dr_solo user.info kernel: ieee80211 phy0: Atheros AR9300 Rev:3 mem=0xa0c00000, irq=155
May 14 02:50:09 3dr_solo user.info kernel: cfg80211:  DFS Master region: FCC
May 14 02:50:09 3dr_solo user.info kernel: cfg80211:   (start_freq - end_freq @ bandwidth), (max_antenna_gain, max_eirp), (dfs_cac_time)
May 14 02:50:09 3dr_solo user.info kernel: cfg80211:   (2402000 KHz - 2472000 KHz @ 40000 KHz), (N/A, 3000 mBm), (N/A)
May 14 02:50:09 3dr_solo user.info kernel: cfg80211:   (5170000 KHz - 5250000 KHz @ 80000 KHz), (N/A, 1700 mBm), (N/A)
May 14 02:50:09 3dr_solo user.info kernel: cfg80211:   (5250000 KHz - 5330000 KHz @ 80000 KHz), (N/A, 2300 mBm), (0 s)
May 14 02:50:09 3dr_solo user.info kernel: cfg80211:   (5735000 KHz - 5835000 KHz @ 80000 KHz), (N/A, 3000 mBm), (N/A)
May 14 02:50:09 3dr_solo user.info kernel: kjournald starting.  Commit interval 5 seconds
May 14 02:50:09 3dr_solo user.info kernel: EXT3-fs (mmcblk0p4): using internal journal
May 14 02:50:09 3dr_solo user.info kernel: EXT3-fs (mmcblk0p4): mounted filesystem with ordered data mode
May 14 02:50:09 3dr_solo user.info kernel: cfg80211:   (57240000 KHz - 63720000 KHz @ 2160000 KHz), (N/A, 4000 mBm), (N/A)
May 14 02:50:09 3dr_solo user.debug kernel: imx-ipuv3 2400000.ipu: CSI_SENS_CONF = 0x00000900
May 14 02:50:09 3dr_solo user.debug kernel: imx-ipuv3 2400000.ipu: CSI_ACT_FRM_SIZE = 0x01DF027F
May 14 02:50:09 3dr_solo user.info kernel: g_acm_ms gadget: Mass Storage Function, version: 2009/09/11
May 14 02:50:09 3dr_solo user.info kernel: g_acm_ms gadget: Number of LUNs=1
May 14 02:50:09 3dr_solo user.info kernel:  lun0: LUN: file: /dev/mmcblk0p4
May 14 02:50:09 3dr_solo user.info kernel: g_acm_ms gadget: Composite Gadget (ACM + MS), version: 2011/10/10
May 14 02:50:09 3dr_solo user.info kernel: g_acm_ms gadget: g_acm_ms ready
May 14 02:50:09 3dr_solo user.warn kernel: Checking SoloLink configuration... merging /etc/hostapd... merging /etc/sololink... initializing /etc/shotmanager.conf... OK
May 14 02:50:10 3dr_solo user.info kernel: IPv6: ADDRCONF(NETDEV_UP): wlan0: link is not ready
May 14 02:50:28 3dr_solo user.info kernel: usb 1-1: new full-speed USB device number 2 using ci_hdrc
May 14 02:50:28 3dr_solo user.info kernel: cdc_acm 1-1:1.0: ttyACM0: USB ACM device
May 14 02:50:28 3dr_solo user.info kernel: usbcore: registered new interface driver cdc_acm
May 14 02:50:28 3dr_solo user.info kernel: cdc_acm: USB Abstract Control Model driver for USB modems and ISDN adapters
May 14 02:50:29 3dr_solo user.info kernel: usb 1-1: USB disconnect, device number 2
May 14 02:50:30 3dr_solo user.info kernel: usb 1-1: new full-speed USB device number 3 using ci_hdrc
May 14 02:50:30 3dr_solo user.err kernel: cdc_acm 1-1:1.0: This device cannot do calls on its own. It is not a modem.
May 14 02:50:30 3dr_solo user.info kernel: cdc_acm 1-1:1.0: ttyACM0: USB ACM device
May 14 02:51:03 3dr_solo user.info kernel: usb 1-1: USB disconnect, device number 3
May 14 02:51:05 3dr_solo user.info kernel: usb 1-1: new full-speed USB device number 4 using ci_hdrc
May 14 02:51:05 3dr_solo user.info kernel: cdc_acm 1-1:1.0: ttyACM0: USB ACM device
May 14 02:51:39 3dr_solo user.info kernel: usb 1-1: USB disconnect, device number 4
May 14 02:51:40 3dr_solo user.debug kernel: imx-ipuv3 2400000.ipu: CSI_SENS_CONF = 0x00000900
May 14 02:51:40 3dr_solo user.debug kernel: imx-ipuv3 2400000.ipu: CSI_ACT_FRM_SIZE = 0x01DF027F
May 14 02:51:41 3dr_solo user.info kernel: usb 1-1: new full-speed USB device number 5 using ci_hdrc
May 14 02:51:41 3dr_solo user.info kernel: cdc_acm 1-1:1.0: ttyACM0: USB ACM device
May 14 02:51:41 3dr_solo user.info kernel: wlan0: authenticate with 8a:dc:96:3b:69:1b
May 14 02:51:41 3dr_solo user.info kernel: wlan0: send auth to 8a:dc:96:3b:69:1b (try 1/3)
May 14 02:51:41 3dr_solo user.info kernel: wlan0: authenticated
May 14 02:51:41 3dr_solo user.info kernel: wlan0: associate with 8a:dc:96:3b:69:1b (try 1/3)
May 14 02:51:41 3dr_solo user.info kernel: wlan0: RX AssocResp from 8a:dc:96:3b:69:1b (capab=0x411 status=0 aid=1)
May 14 02:51:41 3dr_solo user.info kernel: IPv6: ADDRCONF(NETDEV_CHANGE): wlan0: link becomes ready
May 14 02:51:41 3dr_solo user.info kernel: wlan0: associated
May 14 02:51:41 3dr_solo user.info kernel: cfg80211: Regulatory domain changed to country: US
May 14 02:51:41 3dr_solo user.info kernel: cfg80211:  DFS Master region: FCC
May 14 02:51:41 3dr_solo user.info kernel: cfg80211:   (start_freq - end_freq @ bandwidth), (max_antenna_gain, max_eirp), (dfs_cac_time)
May 14 02:51:41 3dr_solo user.info kernel: cfg80211:   (2402000 KHz - 2472000 KHz @ 40000 KHz), (N/A, 3000 mBm), (N/A)
May 14 02:51:41 3dr_solo user.info kernel: cfg80211:   (5170000 KHz - 5250000 KHz @ 80000 KHz), (N/A, 1700 mBm), (N/A)
May 14 02:51:41 3dr_solo user.info kernel: cfg80211:   (5250000 KHz - 5330000 KHz @ 80000 KHz), (N/A, 2300 mBm), (0 s)
May 14 02:51:41 3dr_solo user.info kernel: cfg80211:   (5735000 KHz - 5835000 KHz @ 80000 KHz), (N/A, 3000 mBm), (N/A)
May 14 02:51:41 3dr_solo user.info kernel: cfg80211:   (57240000 KHz - 63720000 KHz @ 2160000 KHz), (N/A, 4000 mBm), (N/A)
May 14 02:51:46 3dr_solo user.info kernel: usb 1-1: USB disconnect, device number 5
May 14 02:51:46 3dr_solo user.warn kernel: Checking wlan0... OK
May 14 02:51:47 3dr_solo user.info kernel: wlan0: deauthenticating from 8a:dc:96:3b:69:1b by local choice (Reason: 3=DEAUTH_LEAVING)
May 14 02:51:47 3dr_solo user.info kernel: cfg80211: World regulatory domain updated:
May 14 02:51:47 3dr_solo user.info kernel: cfg80211:  DFS Master region: unset
May 14 02:51:47 3dr_solo user.info kernel: cfg80211:   (start_freq - end_freq @ bandwidth), (max_antenna_gain, max_eirp), (dfs_cac_time)
May 14 02:51:47 3dr_solo user.info kernel: cfg80211:   (2402000 KHz - 2472000 KHz @ 40000 KHz), (N/A, 2000 mBm), (N/A)
May 14 02:51:47 3dr_solo user.info kernel: cfg80211:   (2457000 KHz - 2482000 KHz @ 40000 KHz), (N/A, 2000 mBm), (N/A)
May 14 02:51:47 3dr_solo user.info kernel: cfg80211:   (2474000 KHz - 2494000 KHz @ 20000 KHz), (N/A, 2000 mBm), (N/A)
May 14 02:51:47 3dr_solo user.info kernel: cfg80211:   (5170000 KHz - 5250000 KHz @ 160000 KHz), (N/A, 2000 mBm), (N/A)
May 14 02:51:47 3dr_solo user.info kernel: cfg80211:   (5250000 KHz - 5330000 KHz @ 160000 KHz), (N/A, 2000 mBm), (0 s)
May 14 02:51:47 3dr_solo user.info kernel: cfg80211:   (5490000 KHz - 5730000 KHz @ 160000 KHz), (N/A, 2000 mBm), (0 s)
May 14 02:51:47 3dr_solo user.info kernel: cfg80211:   (5735000 KHz - 5835000 KHz @ 80000 KHz), (N/A, 2000 mBm), (N/A)
May 14 02:51:47 3dr_solo user.info kernel: cfg80211:   (57240000 KHz - 63720000 KHz @ 2160000 KHz), (N/A, 0 mBm), (N/A)
May 14 02:51:48 3dr_solo user.info kernel: wlan0: authenticate with 8a:dc:96:3b:69:1b
May 14 02:51:48 3dr_solo user.info kernel: wlan0: send auth to 8a:dc:96:3b:69:1b (try 1/3)
May 14 02:51:48 3dr_solo user.info kernel: wlan0: authenticated
May 14 02:51:48 3dr_solo user.info kernel: wlan0: associate with 8a:dc:96:3b:69:1b (try 1/3)
May 14 02:51:48 3dr_solo user.info kernel: wlan0: RX AssocResp from 8a:dc:96:3b:69:1b (capab=0x411 status=0 aid=1)
May 14 02:51:48 3dr_solo user.info kernel: wlan0: associated
May 14 02:51:48 3dr_solo user.info kernel: cfg80211: Regulatory domain changed to country: US
May 14 02:51:48 3dr_solo user.info kernel: cfg80211:  DFS Master region: FCC
May 14 02:51:48 3dr_solo user.info kernel: cfg80211:   (start_freq - end_freq @ bandwidth), (max_antenna_gain, max_eirp), (dfs_cac_time)
May 14 02:51:48 3dr_solo user.info kernel: cfg80211:   (2402000 KHz - 2472000 KHz @ 40000 KHz), (N/A, 3000 mBm), (N/A)
May 14 02:51:48 3dr_solo user.info kernel: cfg80211:   (5170000 KHz - 5250000 KHz @ 80000 KHz), (N/A, 1700 mBm), (N/A)
May 14 02:51:48 3dr_solo user.info kernel: cfg80211:   (5250000 KHz - 5330000 KHz @ 80000 KHz), (N/A, 2300 mBm), (0 s)
May 14 02:51:48 3dr_solo user.info kernel: cfg80211:   (5735000 KHz - 5835000 KHz @ 80000 KHz), (N/A, 3000 mBm), (N/A)
May 14 02:51:48 3dr_solo user.info kernel: cfg80211:   (57240000 KHz - 63720000 KHz @ 2160000 KHz), (N/A, 4000 mBm), (N/A)
May 14 02:51:50 3dr_solo user.debug kernel: imx-ipuv3 2400000.ipu: CSI_SENS_CONF = 0x00000900
May 14 02:51:50 3dr_solo user.debug kernel: imx-ipuv3 2400000.ipu: CSI_ACT_FRM_SIZE = 0x01DF027F
May 14 02:51:50 3dr_solo user.debug kernel: imx-ipuv3 2400000.ipu: CSI_SENS_CONF = 0x00000950
May 14 02:51:50 3dr_solo user.debug kernel: imx-ipuv3 2400000.ipu: CSI_ACT_FRM_SIZE = 0x01DF027F
May 14 02:51:50 3dr_solo user.debug kernel: imx-ipuv3 2400000.ipu: CSI stop timeout - -44 * 10ms
May 14 02:51:50 3dr_solo user.debug kernel: imx-ipuv3 2400000.ipu: CSI_SENS_CONF = 0x00000950
May 14 02:51:50 3dr_solo user.debug kernel: imx-ipuv3 2400000.ipu: CSI_ACT_FRM_SIZE = 0x01DF027F
May 14 02:52:35 3dr_solo user.debug kernel: imx-ipuv3 2400000.ipu: CSI stop timeout - -44 * 10ms
May 14 02:52:35 3dr_solo user.debug kernel: imx-ipuv3 2400000.ipu: CSI_SENS_CONF = 0x00000950
May 14 02:52:35 3dr_solo user.debug kernel: imx-ipuv3 2400000.ipu: CSI_ACT_FRM_SIZE = 0x01DF027F
May 14 02:52:38 3dr_solo user.debug kernel: imx-ipuv3 2400000.ipu: CSI stop timeout - -44 * 10ms
May 14 02:52:38 3dr_solo user.debug kernel: imx-ipuv3 2400000.ipu: CSI_SENS_CONF = 0x00000950
May 14 02:52:38 3dr_solo user.debug kernel: imx-ipuv3 2400000.ipu: CSI_ACT_FRM_SIZE = 0x01DF027F
May 14 02:52:40 3dr_solo user.debug kernel: imx-ipuv3 2400000.ipu: CSI stop timeout - -44 * 10ms
May 14 02:52:40 3dr_solo user.debug kernel: imx-ipuv3 2400000.ipu: CSI_SENS_CONF = 0x00000950
May 14 02:52:40 3dr_solo user.debug kernel: imx-ipuv3 2400000.ipu: CSI_ACT_FRM_SIZE = 0x01DF027F
May 14 02:52:43 3dr_solo user.debug kernel: imx-ipuv3 2400000.ipu: CSI stop timeout - -45 * 10ms
May 14 02:52:43 3dr_solo user.debug kernel: imx-ipuv3 2400000.ipu: CSI_SENS_CONF = 0x00000950
May 14 02:52:43 3dr_solo user.debug kernel: imx-ipuv3 2400000.ipu: CSI_ACT_FRM_SIZE = 0x01DF027F
May 14 02:53:02 3dr_solo user.debug kernel: imx-ipuv3 2400000.ipu: CSI stop timeout - -44 * 10ms
May 14 02:53:02 3dr_solo user.debug kernel: imx-ipuv3 2400000.ipu: CSI_SENS_CONF = 0x00000950
May 14 02:53:02 3dr_solo user.debug kernel: imx-ipuv3 2400000.ipu: CSI_ACT_FRM_SIZE = 0x01DF027F
May 14 02:53:06 3dr_solo user.debug kernel: imx-ipuv3 2400000.ipu: CSI stop timeout - -44 * 10ms
May 14 02:53:06 3dr_solo user.debug kernel: imx-ipuv3 2400000.ipu: CSI_SENS_CONF = 0x00000950
May 14 02:53:06 3dr_solo user.debug kernel: imx-ipuv3 2400000.ipu: CSI_ACT_FRM_SIZE = 0x01DF027F
May 14 02:53:08 3dr_solo user.debug kernel: imx-ipuv3 2400000.ipu: CSI stop timeout - -44 * 10ms
May 14 02:53:08 3dr_solo user.debug kernel: imx-ipuv3 2400000.ipu: CSI_SENS_CONF = 0x00000950
May 14 02:53:08 3dr_solo user.debug kernel: imx-ipuv3 2400000.ipu: CSI_ACT_FRM_SIZE = 0x01DF027F
May 14 02:53:11 3dr_solo user.debug kernel: imx-ipuv3 2400000.ipu: CSI stop timeout - -44 * 10ms
May 14 02:53:11 3dr_solo user.debug kernel: imx-ipuv3 2400000.ipu: CSI_SENS_CONF = 0x00000950
May 14 02:53:11 3dr_solo user.debug kernel: imx-ipuv3 2400000.ipu: CSI_ACT_FRM_SIZE = 0x01DF027F
